{
    "test_ultra_index": {
        "content": [
            [
                "versions.yml:md5,45fdc5637701f0c91e005244cc09a199"
            ],
            "database.db:md5,f9b780bf5a0a5d23256afb99df7137d9",
            [
                "all_splice_pairs_annotations.pickle",
                "all_splice_sites_annotations.pickle",
                "chr_to_id.pickle",
                "exon_choordinates_to_id.pickle",
                "flank_choordinates.pickle",
                "gene_to_small_segments.pickle",
                "id_to_chr.pickle",
                "max_intron_chr.pickle",
                "parts_to_segments.pickle",
                "ref_exon_sequences.pickle",
                "ref_flank_sequences.pickle",
                "ref_part_sequences.pickle",
                "ref_segment_sequences.pickle",
                "refs_id_lengths.pickle",
                "refs_lengths.pickle",
                "segment_id_to_choordinates.pickle",
                "segment_to_gene.pickle",
                "segment_to_ref.pickle",
                "splices_to_transcripts.pickle",
                "transcripts_to_splices.pickle"
            ]
        ],
        "meta": {
            "nf-test": "0.9.2",
            "nextflow": "25.04.1"
        },
        "timestamp": "2025-05-14T14:50:16.577571936"
    }
}