{
    "test_ultra_align": {
        "content": [
            [
                "versions.yml:md5,49ee786f03311445a52ddc0e4136de60"
            ],
            "4a12eec345cffd63b51bd3d29d89f13c"
        ],
        "meta": {
            "nf-test": "0.9.2",
            "nextflow": "25.04.1"
        },
        "timestamp": "2025-05-14T15:07:29.874106796"
    }
}